// Jest Snapshot v1, https://goo.gl/fbAQLP

exports[`Concat exists 1`] = `<div />`;
